[marketifythemes.net/html/3/index-dark-3.html]
[backblue.gif]
[fade.gif]
[index.html]
[marketifythemes.net/html/3/css/dark.css]
[marketifythemes.net/html/3/css/plugins.css]
[marketifythemes.net/html/3/css/style.css]
[marketifythemes.net/html/3/img/svg/cancel.svg]
[marketifythemes.net/html/3/img/logo/light.png]
[marketifythemes.net/html/3/img/cv/1.jpg]
[marketifythemes.net/html/3/img/hero/3.jpg]
[marketifythemes.net/html/3/img/hero/5.jpg]
[marketifythemes.net/html/3/img/svg/archive.svg]
[marketifythemes.net/html/3/img/svg/contacs.svg]
[marketifythemes.net/html/3/img/svg/briefcase.svg]
[marketifythemes.net/html/3/img/svg/gear.svg]
[marketifythemes.net/html/3/img/svg/message.svg]
[marketifythemes.net/html/3/img/svg/writing.svg]
[marketifythemes.net/html/3/img/svg/letter.svg]
[marketifythemes.net/html/3/img/thumbs/10-9.jpg]
[marketifythemes.net/html/3/img/svg/social/facebook-2.svg]
[marketifythemes.net/html/3/img/svg/social/twitter-2.svg]
[marketifythemes.net/html/3/img/svg/social/youtube-3.svg]
[marketifythemes.net/html/3/img/svg/social/linkedin-2.svg]
[marketifythemes.net/html/3/img/thumbs/35-44.jpg]
[marketifythemes.net/html/3/img/about/1.jpg]
[marketifythemes.net/html/3/img/thumbs/1-1.jpg]
[marketifythemes.net/html/3/img/portfolio/1.jpg]
[marketifythemes.net/html/3/img/svg/social/vimeo.svg]
[marketifythemes.net/html/3/img/portfolio/2.jpg]
[marketifythemes.net/html/3/img/svg/social/youtube-2.svg]
[marketifythemes.net/html/3/img/portfolio/3.jpg]
[marketifythemes.net/html/3/img/svg/social/soundcloud.svg]
[marketifythemes.net/html/3/img/portfolio/8.jpg]
[marketifythemes.net/html/3/img/svg/text.svg]
[marketifythemes.net/html/3/img/svg/social/facebook.svg]
[marketifythemes.net/html/3/img/svg/social/twitter.svg]
[marketifythemes.net/html/3/img/svg/social/instagram.svg]
[marketifythemes.net/html/3/img/thumbs/4-2.jpg]
[marketifythemes.net/html/3/img/svg/squares.svg]
[marketifythemes.net/html/3/img/service/1.jpg]
[marketifythemes.net/html/3/img/svg/physics.svg]
[marketifythemes.net/html/3/img/service/2.jpg]
[marketifythemes.net/html/3/img/svg/web.svg]
[marketifythemes.net/html/3/img/service/3.jpg]
[marketifythemes.net/html/3/img/svg/user.svg]
[marketifythemes.net/html/3/img/service/4.jpg]
[marketifythemes.net/html/3/img/service/5.jpg]
[marketifythemes.net/html/3/img/svg/writing_2.svg]
[marketifythemes.net/html/3/img/service/6.jpg]
[marketifythemes.net/html/3/img/testimonials/1.jpg]
[marketifythemes.net/html/3/img/svg/left-quote.svg]
[marketifythemes.net/html/3/img/testimonials/2.jpg]
[marketifythemes.net/html/3/img/testimonials/3.jpg]
[marketifythemes.net/html/3/img/thumbs/37-27.jpg]
[marketifythemes.net/html/3/img/news/1.jpg]
[marketifythemes.net/html/3/img/news/2.jpg]
[marketifythemes.net/html/3/img/news/3.jpg]
[marketifythemes.net/html/3/img/svg/smartphone.svg]
[marketifythemes.net/html/3/img/svg/placeholder.svg]
[marketifythemes.net/cdn-cgi/scripts/5c5dd728/cloudflare-static/email-decode.min.js]
[marketifythemes.net/html/3/js/jquery.js]
[marketifythemes.net/html/3/index-dark-3.html]
[marketifythemes.net/html/3/js/init.js]
[marketifythemes.net/html/3/js/plugins.js]
[marketifythemes.net/html/3/css/font/xcon8158.eot]
[marketifythemes.net/html/3/css/font/xcon8158.woff2]
[marketifythemes.net/html/3/css/font/xcon8158.woff]
[marketifythemes.net/html/3/css/font/xcon8158.ttf]
[marketifythemes.net/html/3/css/font/xcon8158.svg]
[marketifythemes.net/html/3/css/owl.video.play.png]
[marketifythemes.net/html/3/css/plugins.css]
[marketifythemes.net/html/3/css/dark.css]
[marketifythemes.net/html/3/css/style.css]
[marketifythemes.net/html/3/img/svg/cancel.svg]
[marketifythemes.net/html/3/img/svg/archive.svg]
[marketifythemes.net/html/3/img/svg/contacs.svg]
[marketifythemes.net/html/3/img/svg/briefcase.svg]
[marketifythemes.net/html/3/img/svg/gear.svg]
[marketifythemes.net/html/3/img/svg/message.svg]
[marketifythemes.net/html/3/img/svg/writing.svg]
[marketifythemes.net/html/3/img/svg/letter.svg]
[marketifythemes.net/html/3/img/svg/social/facebook-2.svg]
[marketifythemes.net/html/3/img/svg/social/twitter-2.svg]
[marketifythemes.net/html/3/img/svg/social/youtube-3.svg]
[marketifythemes.net/html/3/img/svg/social/linkedin-2.svg]
[marketifythemes.net/html/3/img/svg/social/vimeo.svg]
[marketifythemes.net/html/3/img/svg/social/youtube-2.svg]
[marketifythemes.net/html/3/img/svg/social/soundcloud.svg]
[marketifythemes.net/html/3/img/svg/text.svg]
[marketifythemes.net/html/3/img/svg/social/facebook.svg]
[marketifythemes.net/html/3/img/svg/social/twitter.svg]
[marketifythemes.net/html/3/img/svg/social/instagram.svg]
[marketifythemes.net/html/3/img/svg/squares.svg]
[marketifythemes.net/html/3/img/svg/physics.svg]
[marketifythemes.net/html/3/img/svg/web.svg]
[marketifythemes.net/html/3/img/svg/user.svg]
[marketifythemes.net/html/3/img/svg/writing_2.svg]
[marketifythemes.net/html/3/img/svg/left-quote.svg]
[marketifythemes.net/html/3/img/svg/smartphone.svg]
[marketifythemes.net/html/3/img/svg/placeholder.svg]
[marketifythemes.net/html/3/js/jquery.js]
[marketifythemes.net/html/3/GET]
[marketifythemes.net/html/3/THREE.SceneUtils has been moved to/examples/jsm/utils/SceneUtils.js]
[marketifythemes.net/html/3/THREE.LensFlare has been moved to/examples/jsm/objects/Lensflare.js]
[marketifythemes.net/html/3/js/plugins.js]
[marketifythemes.net/html/3/img.svg]
[marketifythemes.net/html/3/js/init.js]
[marketifythemes.net/html/3/css/font/xcon8158.html]
[marketifythemes.net/html/3/css/font/xcon8158-2.html]
[marketifythemes.net/html/3/css/font/xcon8158-3.html]
[marketifythemes.net/html/3/css/font/xcon8158-4.html]
[marketifythemes.net/html/3/css/font/xcon8158-5.html]
[marketifythemes.net/html/3/css/owl.video.play.html]
[marketifythemes.net/html/3/GET.html]
[marketifythemes.net/html/3/THREE.SceneUtils has been moved to/examples/jsm/utils/SceneUtils.html]
[marketifythemes.net/html/3/THREE.LensFlare has been moved to/examples/jsm/objects/Lensflare.html]
[marketifythemes.net/html/3/img.html]
[marketifythemes.net/html/3/modal/contact.html]
[marketifythemes.net/html/3/modal/contact.html]
